Last login: Sat Oct 28 01:00:55 on ttys000
daksh@DAKSHs-MacBook-Pro ~ % brew
Example usage:
  brew search TEXT|/REGEX/
  brew info [FORMULA|CASK...]
  brew install FORMULA|CASK...
  brew update
  brew upgrade [FORMULA|CASK...]
  brew uninstall FORMULA|CASK...
  brew list [FORMULA|CASK...]

Troubleshooting:
  brew config
  brew doctor
  brew install --verbose --debug FORMULA|CASK

Contributing:
  brew create URL [--no-fetch]
  brew edit [FORMULA|CASK...]

Further help:
  brew commands
  brew help [COMMAND]
  man brew
  https://docs.brew.sh
daksh@DAKSHs-MacBook-Pro ~ % brew install git
git 2.40.0 is already installed but outdated (so it will be upgraded).
==> Downloading https://ghcr.io/v2/homebrew/core/git/manifests/2.42.0
######################################################################### 100.0%
==> Fetching git
==> Downloading https://ghcr.io/v2/homebrew/core/git/blobs/sha256:43053402f97a9c
######################################################################### 100.0%
==> Upgrading git
  2.40.0 -> 2.42.0 

==> Pouring git--2.42.0.arm64_sonoma.bottle.tar.gz
==> Caveats
The Tcl/Tk GUIs (e.g. gitk, git-gui) are now in the `git-gui` formula.
Subversion interoperability (git-svn) is now in the `git-svn` formula.

zsh completions and functions have been installed to:
  /opt/homebrew/share/zsh/site-functions
==> Summary
ðŸº  /opt/homebrew/Cellar/git/2.42.0: 1,636 files, 50MB
==> Running `brew cleanup git`...
Disable this behaviour by setting HOMEBREW_NO_INSTALL_CLEANUP.
Hide these hints with HOMEBREW_NO_ENV_HINTS (see `man brew`).
Removing: /opt/homebrew/Cellar/git/2.40.0... (1,625 files, 48.6MB)
daksh@DAKSHs-MacBook-Pro ~ % git --version
git version 2.42.0
daksh@DAKSHs-MacBook-Pro ~ % git credential-osxkeychain
usage: git credential-osxkeychain <get|store|erase>
daksh@DAKSHs-MacBook-Pro ~ % git config --global credential.helper osxkeychain 

daksh@DAKSHs-MacBook-Pro ~ % cd /Volumes/Android Studio & Data/GitExample
[1] 20614
cd: string not in pwd: /Volumes/Android
[1]  + exit 1     cd /Volumes/Android Studio
zsh: no such file or directory: Data/GitExample
daksh@DAKSHs-MacBook-Pro ~ % cd Volumes/Android Studio & Data/GitExample
[1] 20616
cd: string not in pwd: Volumes/Android
[1]  + exit 1     cd Volumes/Android Studio
zsh: no such file or directory: Data/GitExample
daksh@DAKSHs-MacBook-Pro ~ % cd /Users/daksh/GitExample
daksh@DAKSHs-MacBook-Pro GitExample % git init
hint: Using 'master' as the name for the initial branch. This default branch name
hint: is subject to change. To configure the initial branch name to use in all
hint: of your new repositories, which will suppress this warning, call:
hint: 
hint: 	git config --global init.defaultBranch <name>
hint: 
hint: Names commonly chosen instead of 'master' are 'main', 'trunk' and
hint: 'development'. The just-created branch can be renamed via this command:
hint: 
hint: 	git branch -m <name>
Initialized empty Git repository in /Users/daksh/GitExample/.git/
daksh@DAKSHs-MacBook-Pro GitExample % git remote add origin https://github.com/daksh200719/Java-Demo.git
daksh@DAKSHs-MacBook-Pro GitExample % git pull prigin maaster
fatal: 'prigin' does not appear to be a git repository
fatal: Could not read from remote repository.

Please make sure you have the correct access rights
and the repository exists.
daksh@DAKSHs-MacBook-Pro GitExample % git pull origin maaster
fatal: couldn't find remote ref maaster
daksh@DAKSHs-MacBook-Pro GitExample % git pull origin master 
fatal: couldn't find remote ref master
daksh@DAKSHs-MacBook-Pro GitExample % git pull origin
remote: Enumerating objects: 3, done.
remote: Counting objects: 100% (3/3), done.
remote: Total 3 (delta 0), reused 0 (delta 0), pack-reused 0
Unpacking objects: 100% (3/3), 599 bytes | 299.00 KiB/s, done.
From https://github.com/daksh200719/Java-Demo
 * [new branch]      main       -> origin/main
You asked to pull from the remote 'origin', but did not specify
a branch. Because this is not the default configured remote
for your current branch, you must specify a branch on the command line.
daksh@DAKSHs-MacBook-Pro GitExample % git pull origin master
fatal: couldn't find remote ref master
daksh@DAKSHs-MacBook-Pro GitExample % git pull origin main   
From https://github.com/daksh200719/Java-Demo
 * branch            main       -> FETCH_HEAD
daksh@DAKSHs-MacBook-Pro GitExample % ls
README.md
daksh@DAKSHs-MacBook-Pro GitExample % git status
On branch master
nothing to commit, working tree clean
daksh@DAKSHs-MacBook-Pro GitExample % nano file1.txt
daksh@DAKSHs-MacBook-Pro GitExample % git status    
On branch master
Untracked files:
  (use "git add <file>..." to include in what will be committed)
	file1.txt

nothing added to commit but untracked files present (use "git add" to track)
daksh@DAKSHs-MacBook-Pro GitExample % git add file1.txt
daksh@DAKSHs-MacBook-Pro GitExample % git status       
On branch master
Changes to be committed:
  (use "git restore --staged <file>..." to unstage)
	new file:   file1.txt

daksh@DAKSHs-MacBook-Pro GitExample % git commit -m "Commit 1 for File 1"
[master 0babcaa] Commit 1 for File 1
 1 file changed, 1 insertion(+)
 create mode 100644 file1.txt
daksh@DAKSHs-MacBook-Pro GitExample % git status
On branch master
nothing to commit, working tree clean
daksh@DAKSHs-MacBook-Pro GitExample % ls
README.md	file1.txt
daksh@DAKSHs-MacBook-Pro GitExample % nano file2.txt
daksh@DAKSHs-MacBook-Pro GitExample % nano file3.txt
daksh@DAKSHs-MacBook-Pro GitExample % git status                         
On branch master
Untracked files:
  (use "git add <file>..." to include in what will be committed)
	file2.txt
	file3.txt

nothing added to commit but untracked files present (use "git add" to track)
daksh@DAKSHs-MacBook-Pro GitExample % git add -A
daksh@DAKSHs-MacBook-Pro GitExample % git status
On branch master
Changes to be committed:
  (use "git restore --staged <file>..." to unstage)
	new file:   file2.txt
	new file:   file3.txt

daksh@DAKSHs-MacBook-Pro GitExample % git commit -m "Commit 2 for two other files"
[master 59d36ea] Commit 2 for two other files
 2 files changed, 2 insertions(+)
 create mode 100644 file2.txt
 create mode 100644 file3.txt
daksh@DAKSHs-MacBook-Pro GitExample % git status                                  
On branch master
nothing to commit, working tree clean
daksh@DAKSHs-MacBook-Pro GitExample % ssh-keygen
Generating public/private rsa key pair.
Enter file in which to save the key (/Users/daksh/.ssh/id_rsa): 
Enter passphrase (empty for no passphrase): 
Enter same passphrase again: 
Your identification has been saved in /Users/daksh/.ssh/id_rsa
Your public key has been saved in /Users/daksh/.ssh/id_rsa.pub
The key fingerprint is:
SHA256:E5yE+jEDFXj1Kz05B7JMor4uuk+2RN9LiEnWCx9TWKk daksh@DAKSHs-MacBook-Pro.local
The key's randomart image is:
+---[RSA 3072]----+
|     o+=o        |
|    oo+o o       |
|    .=o * o      |
|   .Eo++ = +     |
|  = =. +S * .    |
| + B *.  o +     |
|  * * o          |
| +.. o .         |
|o+ooo .          |
+----[SHA256]-----+
daksh@DAKSHs-MacBook-Pro GitExample % cat /Users/daksh/.ssh/id_rsa.pub
ssh-rsa AAAAB3NzaC1yc2EAAAADAQABAAABgQCaFJwq98u1BBBASTggLMM7Adl9fl92csOpw+wziPsvz6YzIFViZ68k01wSS2DKWW57OyhZ3Y9k7+WTa4Y64wpGKUg7jfJQ6Kjj33AjVIhCeDU1PoYHZWc3GVIxhejW3rMmrBvYiWobvQ723/nO2FoZFdC6w7NyU9fY4loymqUBG086Ule2GqvtC/EZGmVJUiF3cePMse7hSTFh7VIo4o3wMBM1y+tClUmFEbWpDJYk0rwwfPSxfJn/sodo2VjsYXsrmmAi/LHgqac4a/vmzOas+XjIcd8IR41hkNhjx9M7Syhf6mNpPZO21sxiUE9tYaILQeqlkKR4kXT/qDgL50std9fr/DJeQstnxnQvD3lUi8f81npSaiwoZDPpOIy9XqIvZLdRbhXH+x6ZDG5U7STsSwVuL4ZYnbDkdHGTjG22a0tYHuuyjZdDDdodrzfdfc0ncxFfbWJjir85xypiX2ORpCPX2g7yxFOdcO7aF7zFGxQaPcT1AsNCDWqU25sGPAE= daksh@DAKSHs-MacBook-Pro.local
daksh@DAKSHs-MacBook-Pro GitExample % ssh -T git@github.com
Hi daksh200719/Java-Demo! You've successfully authenticated, but GitHub does not provide shell access.
daksh@DAKSHs-MacBook-Pro GitExample % git checkout main
branch 'main' set up to track 'origin/main'.
Switched to a new branch 'main'
daksh@DAKSHs-MacBook-Pro GitExample % git checkout master
Switched to branch 'master'
daksh@DAKSHs-MacBook-Pro GitExample % git merge main
Already up to date.
daksh@DAKSHs-MacBook-Pro GitExample % git merge master
Already up to date.
daksh@DAKSHs-MacBook-Pro GitExample % git checkout master
Already on 'master'
daksh@DAKSHs-MacBook-Pro GitExample % git push origin master
Username for 'https://github.com': daksh200719
Password for 'https://daksh200719@github.com': 
remote: Support for password authentication was removed on August 13, 2021.
remote: Please see https://docs.github.com/en/get-started/getting-started-with-git/about-remote-repositories#cloning-with-https-urls for information on currently recommended modes of authentication.
fatal: Authentication failed for 'https://github.com/daksh200719/Java-Demo.git/'
daksh@DAKSHs-MacBook-Pro GitExample % git push origin master
Username for 'https://github.com': daksh200719/Java-Demo
Password for 'https://daksh200719/Java-Demo@github.com': 
remote: Support for password authentication was removed on August 13, 2021.
remote: Please see https://docs.github.com/en/get-started/getting-started-with-git/about-remote-repositories#cloning-with-https-urls for information on currently recommended modes of authentication.
fatal: Authentication failed for 'https://github.com/daksh200719/Java-Demo.git/'
daksh@DAKSHs-MacBook-Pro GitExample % git clone https://daksh200719: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@github.com/daksh200719/Java-Demo.git

Cloning into 'Java-Demo'...
remote: Enumerating objects: 3, done.
remote: Counting objects: 100% (3/3), done.
remote: Total 3 (delta 0), reused 0 (delta 0), pack-reused 0
Receiving objects: 100% (3/3), done.
daksh@DAKSHs-MacBook-Pro GitExample % git log
commit 59d36eaf613c3f0b2be41a90da7c438893ef7881 (HEAD -> master)
Author: daksh <dakshbrathod@gmail.com>
Date:   Sat Oct 28 01:27:39 2023 +0530

    Commit 2 for two other files

commit 0babcaaa6db5992afc67c6b434145cbd8b4f5f99
Author: daksh <dakshbrathod@gmail.com>
Date:   Sat Oct 28 01:25:10 2023 +0530

    Commit 1 for File 1

commit 5ef9ed34dac008e0e317b5e96ebce352340ae19c (origin/main, main)
Author: daksh200719 <149046871+daksh200719@users.noreply.github.com>
Date:   Thu Oct 26 12:42:09 2023 +0530

    Create README.md
daksh@DAKSHs-MacBook-Pro GitExample % 

